Archive member included to satisfy reference by file (symbol)

/usr/local/playdate/gcc-arm-none-eabi-9-2019-q4-major/bin/../lib/gcc/arm-none-eabi/9.2.1/thumb/v7e-m+fp/hard/libgcc.a(_arm_addsubdf3.o)
                              build/src/main.o (__aeabi_dadd)
/usr/local/playdate/gcc-arm-none-eabi-9-2019-q4-major/bin/../lib/gcc/arm-none-eabi/9.2.1/thumb/v7e-m+fp/hard/libgcc.a(_arm_cmpdf2.o)
                              build/src/main.o (__aeabi_dcmpgt)
/usr/local/playdate/gcc-arm-none-eabi-9-2019-q4-major/bin/../lib/gcc/arm-none-eabi/9.2.1/thumb/v7e-m+fp/hard/libgcc.a(_arm_fixdfsi.o)
                              build/src/main.o (__aeabi_d2iz)
/usr/local/playdate/gcc-arm-none-eabi-9-2019-q4-major/bin/../lib/gcc/arm-none-eabi/9.2.1/../../../../arm-none-eabi/lib/thumb/v7e-m+fp/hard/libg.a(lib_a-rand.o)
                              build/src/main.o (rand)
/usr/local/playdate/gcc-arm-none-eabi-9-2019-q4-major/bin/../lib/gcc/arm-none-eabi/9.2.1/../../../../arm-none-eabi/lib/thumb/v7e-m+fp/hard/libg.a(lib_a-impure.o)
                              /usr/local/playdate/gcc-arm-none-eabi-9-2019-q4-major/bin/../lib/gcc/arm-none-eabi/9.2.1/../../../../arm-none-eabi/lib/thumb/v7e-m+fp/hard/libg.a(lib_a-rand.o) (_impure_ptr)

Discarded input sections

 .group         0x0000000000000000        0xc build/src/main.o
 .group         0x0000000000000000        0xc build/src/main.o
 .group         0x0000000000000000        0xc build/src/main.o
 .group         0x0000000000000000        0xc build/src/main.o
 .group         0x0000000000000000        0xc build/src/main.o
 .group         0x0000000000000000        0xc build/src/main.o
 .group         0x0000000000000000        0xc build/src/main.o
 .group         0x0000000000000000        0xc build/src/main.o
 .group         0x0000000000000000        0xc build/src/main.o
 .group         0x0000000000000000        0xc build/src/main.o
 .group         0x0000000000000000        0xc build/src/main.o
 .group         0x0000000000000000        0xc build/src/main.o
 .group         0x0000000000000000        0xc build/src/main.o
 .group         0x0000000000000000        0xc build/src/main.o
 .group         0x0000000000000000        0xc build/src/main.o
 .group         0x0000000000000000        0xc build/src/main.o
 .group         0x0000000000000000        0xc build/src/main.o
 .group         0x0000000000000000        0xc build/src/main.o
 .group         0x0000000000000000        0xc build/src/main.o
 .group         0x0000000000000000        0xc build/src/main.o
 .group         0x0000000000000000        0xc build/src/main.o
 .group         0x0000000000000000        0xc build/src/main.o
 .group         0x0000000000000000        0xc build/src/main.o
 .group         0x0000000000000000        0xc build/src/main.o
 .group         0x0000000000000000        0xc build/src/main.o
 .group         0x0000000000000000        0xc build/src/main.o
 .group         0x0000000000000000        0xc build/src/main.o
 .group         0x0000000000000000        0xc build/src/main.o
 .group         0x0000000000000000        0xc build/src/main.o
 .group         0x0000000000000000        0xc build/src/main.o
 .group         0x0000000000000000        0xc build/src/main.o
 .group         0x0000000000000000        0xc build/src/main.o
 .group         0x0000000000000000        0xc build/src/main.o
 .group         0x0000000000000000        0xc build/src/main.o
 .group         0x0000000000000000        0xc build/src/main.o
 .group         0x0000000000000000        0xc build/src/main.o
 .group         0x0000000000000000        0xc build/src/main.o
 .group         0x0000000000000000        0xc build/src/main.o
 .group         0x0000000000000000        0xc build/src/main.o
 .group         0x0000000000000000        0xc build/src/main.o
 .group         0x0000000000000000        0xc build/src/main.o
 .group         0x0000000000000000        0xc build/src/main.o
 .group         0x0000000000000000        0xc build/src/main.o
 .group         0x0000000000000000        0xc build/src/main.o
 .group         0x0000000000000000        0xc build/src/main.o
 .text          0x0000000000000000        0x0 build/src/main.o
 .data          0x0000000000000000        0x0 build/src/main.o
 .bss           0x0000000000000000        0x0 build/src/main.o
 .text.build_maze
                0x0000000000000000       0x38 build/src/main.o
 .rodata.MAZE_LINEAR
                0x0000000000000000        0x4 build/src/main.o
 .rodata.MAZE_X
                0x0000000000000000        0x4 build/src/main.o
 .rodata.MAZE_Y
                0x0000000000000000        0x4 build/src/main.o
 .rodata.X_OFFSET
                0x0000000000000000        0x4 build/src/main.o
 .rodata.Y_OFFSET
                0x0000000000000000        0x4 build/src/main.o
 .group         0x0000000000000000        0xc build//Users/mjw/Developer/PlaydateSDK/C_API/buildsupport/setup.o
 .group         0x0000000000000000        0xc build//Users/mjw/Developer/PlaydateSDK/C_API/buildsupport/setup.o
 .group         0x0000000000000000        0xc build//Users/mjw/Developer/PlaydateSDK/C_API/buildsupport/setup.o
 .group         0x0000000000000000        0xc build//Users/mjw/Developer/PlaydateSDK/C_API/buildsupport/setup.o
 .group         0x0000000000000000        0xc build//Users/mjw/Developer/PlaydateSDK/C_API/buildsupport/setup.o
 .group         0x0000000000000000        0xc build//Users/mjw/Developer/PlaydateSDK/C_API/buildsupport/setup.o
 .group         0x0000000000000000        0xc build//Users/mjw/Developer/PlaydateSDK/C_API/buildsupport/setup.o
 .group         0x0000000000000000        0xc build//Users/mjw/Developer/PlaydateSDK/C_API/buildsupport/setup.o
 .group         0x0000000000000000        0xc build//Users/mjw/Developer/PlaydateSDK/C_API/buildsupport/setup.o
 .group         0x0000000000000000        0xc build//Users/mjw/Developer/PlaydateSDK/C_API/buildsupport/setup.o
 .group         0x0000000000000000        0xc build//Users/mjw/Developer/PlaydateSDK/C_API/buildsupport/setup.o
 .group         0x0000000000000000        0xc build//Users/mjw/Developer/PlaydateSDK/C_API/buildsupport/setup.o
 .group         0x0000000000000000        0xc build//Users/mjw/Developer/PlaydateSDK/C_API/buildsupport/setup.o
 .group         0x0000000000000000        0xc build//Users/mjw/Developer/PlaydateSDK/C_API/buildsupport/setup.o
 .group         0x0000000000000000        0xc build//Users/mjw/Developer/PlaydateSDK/C_API/buildsupport/setup.o
 .group         0x0000000000000000        0xc build//Users/mjw/Developer/PlaydateSDK/C_API/buildsupport/setup.o
 .group         0x0000000000000000        0xc build//Users/mjw/Developer/PlaydateSDK/C_API/buildsupport/setup.o
 .group         0x0000000000000000        0xc build//Users/mjw/Developer/PlaydateSDK/C_API/buildsupport/setup.o
 .group         0x0000000000000000        0xc build//Users/mjw/Developer/PlaydateSDK/C_API/buildsupport/setup.o
 .group         0x0000000000000000        0xc build//Users/mjw/Developer/PlaydateSDK/C_API/buildsupport/setup.o
 .group         0x0000000000000000        0xc build//Users/mjw/Developer/PlaydateSDK/C_API/buildsupport/setup.o
 .group         0x0000000000000000        0xc build//Users/mjw/Developer/PlaydateSDK/C_API/buildsupport/setup.o
 .group         0x0000000000000000        0xc build//Users/mjw/Developer/PlaydateSDK/C_API/buildsupport/setup.o
 .group         0x0000000000000000        0xc build//Users/mjw/Developer/PlaydateSDK/C_API/buildsupport/setup.o
 .group         0x0000000000000000        0xc build//Users/mjw/Developer/PlaydateSDK/C_API/buildsupport/setup.o
 .group         0x0000000000000000        0xc build//Users/mjw/Developer/PlaydateSDK/C_API/buildsupport/setup.o
 .group         0x0000000000000000        0xc build//Users/mjw/Developer/PlaydateSDK/C_API/buildsupport/setup.o
 .group         0x0000000000000000        0xc build//Users/mjw/Developer/PlaydateSDK/C_API/buildsupport/setup.o
 .group         0x0000000000000000        0xc build//Users/mjw/Developer/PlaydateSDK/C_API/buildsupport/setup.o
 .text          0x0000000000000000        0x0 build//Users/mjw/Developer/PlaydateSDK/C_API/buildsupport/setup.o
 .data          0x0000000000000000        0x0 build//Users/mjw/Developer/PlaydateSDK/C_API/buildsupport/setup.o
 .bss           0x0000000000000000        0x0 build//Users/mjw/Developer/PlaydateSDK/C_API/buildsupport/setup.o
 .text._malloc_r
                0x0000000000000000        0xc build//Users/mjw/Developer/PlaydateSDK/C_API/buildsupport/setup.o
 .text._realloc_r
                0x0000000000000000       0x10 build//Users/mjw/Developer/PlaydateSDK/C_API/buildsupport/setup.o
 .text._free_r  0x0000000000000000       0x14 build//Users/mjw/Developer/PlaydateSDK/C_API/buildsupport/setup.o
 .debug_macro   0x0000000000000000      0xaa8 build//Users/mjw/Developer/PlaydateSDK/C_API/buildsupport/setup.o
 .debug_macro   0x0000000000000000       0x22 build//Users/mjw/Developer/PlaydateSDK/C_API/buildsupport/setup.o
 .debug_macro   0x0000000000000000       0xef build//Users/mjw/Developer/PlaydateSDK/C_API/buildsupport/setup.o
 .debug_macro   0x0000000000000000       0x6a build//Users/mjw/Developer/PlaydateSDK/C_API/buildsupport/setup.o
 .debug_macro   0x0000000000000000      0x1df build//Users/mjw/Developer/PlaydateSDK/C_API/buildsupport/setup.o
 .debug_macro   0x0000000000000000       0x18 build//Users/mjw/Developer/PlaydateSDK/C_API/buildsupport/setup.o
 .debug_macro   0x0000000000000000       0x35 build//Users/mjw/Developer/PlaydateSDK/C_API/buildsupport/setup.o
 .debug_macro   0x0000000000000000       0x34 build//Users/mjw/Developer/PlaydateSDK/C_API/buildsupport/setup.o
 .debug_macro   0x0000000000000000       0x16 build//Users/mjw/Developer/PlaydateSDK/C_API/buildsupport/setup.o
 .debug_macro   0x0000000000000000       0x58 build//Users/mjw/Developer/PlaydateSDK/C_API/buildsupport/setup.o
 .debug_macro   0x0000000000000000       0x1f build//Users/mjw/Developer/PlaydateSDK/C_API/buildsupport/setup.o
 .debug_macro   0x0000000000000000       0x43 build//Users/mjw/Developer/PlaydateSDK/C_API/buildsupport/setup.o
 .debug_macro   0x0000000000000000       0x20 build//Users/mjw/Developer/PlaydateSDK/C_API/buildsupport/setup.o
 .debug_macro   0x0000000000000000      0x18e build//Users/mjw/Developer/PlaydateSDK/C_API/buildsupport/setup.o
 .debug_macro   0x0000000000000000      0x339 build//Users/mjw/Developer/PlaydateSDK/C_API/buildsupport/setup.o
 .debug_macro   0x0000000000000000       0x16 build//Users/mjw/Developer/PlaydateSDK/C_API/buildsupport/setup.o
 .debug_macro   0x0000000000000000       0x29 build//Users/mjw/Developer/PlaydateSDK/C_API/buildsupport/setup.o
 .debug_macro   0x0000000000000000       0x28 build//Users/mjw/Developer/PlaydateSDK/C_API/buildsupport/setup.o
 .debug_macro   0x0000000000000000       0x16 build//Users/mjw/Developer/PlaydateSDK/C_API/buildsupport/setup.o
 .debug_macro   0x0000000000000000       0x35 build//Users/mjw/Developer/PlaydateSDK/C_API/buildsupport/setup.o
 .debug_macro   0x0000000000000000       0x22 build//Users/mjw/Developer/PlaydateSDK/C_API/buildsupport/setup.o
 .debug_macro   0x0000000000000000      0x1e1 build//Users/mjw/Developer/PlaydateSDK/C_API/buildsupport/setup.o
 .data          0x0000000000000000        0x0 /usr/local/playdate/gcc-arm-none-eabi-9-2019-q4-major/bin/../lib/gcc/arm-none-eabi/9.2.1/thumb/v7e-m+fp/hard/libgcc.a(_arm_addsubdf3.o)
 .bss           0x0000000000000000        0x0 /usr/local/playdate/gcc-arm-none-eabi-9-2019-q4-major/bin/../lib/gcc/arm-none-eabi/9.2.1/thumb/v7e-m+fp/hard/libgcc.a(_arm_addsubdf3.o)
 .data          0x0000000000000000        0x0 /usr/local/playdate/gcc-arm-none-eabi-9-2019-q4-major/bin/../lib/gcc/arm-none-eabi/9.2.1/thumb/v7e-m+fp/hard/libgcc.a(_arm_cmpdf2.o)
 .bss           0x0000000000000000        0x0 /usr/local/playdate/gcc-arm-none-eabi-9-2019-q4-major/bin/../lib/gcc/arm-none-eabi/9.2.1/thumb/v7e-m+fp/hard/libgcc.a(_arm_cmpdf2.o)
 .data          0x0000000000000000        0x0 /usr/local/playdate/gcc-arm-none-eabi-9-2019-q4-major/bin/../lib/gcc/arm-none-eabi/9.2.1/thumb/v7e-m+fp/hard/libgcc.a(_arm_fixdfsi.o)
 .bss           0x0000000000000000        0x0 /usr/local/playdate/gcc-arm-none-eabi-9-2019-q4-major/bin/../lib/gcc/arm-none-eabi/9.2.1/thumb/v7e-m+fp/hard/libgcc.a(_arm_fixdfsi.o)
 .text          0x0000000000000000        0x0 /usr/local/playdate/gcc-arm-none-eabi-9-2019-q4-major/bin/../lib/gcc/arm-none-eabi/9.2.1/../../../../arm-none-eabi/lib/thumb/v7e-m+fp/hard/libg.a(lib_a-rand.o)
 .data          0x0000000000000000        0x0 /usr/local/playdate/gcc-arm-none-eabi-9-2019-q4-major/bin/../lib/gcc/arm-none-eabi/9.2.1/../../../../arm-none-eabi/lib/thumb/v7e-m+fp/hard/libg.a(lib_a-rand.o)
 .bss           0x0000000000000000        0x0 /usr/local/playdate/gcc-arm-none-eabi-9-2019-q4-major/bin/../lib/gcc/arm-none-eabi/9.2.1/../../../../arm-none-eabi/lib/thumb/v7e-m+fp/hard/libg.a(lib_a-rand.o)
 .text.srand    0x0000000000000000       0x10 /usr/local/playdate/gcc-arm-none-eabi-9-2019-q4-major/bin/../lib/gcc/arm-none-eabi/9.2.1/../../../../arm-none-eabi/lib/thumb/v7e-m+fp/hard/libg.a(lib_a-rand.o)
 .text          0x0000000000000000        0x0 /usr/local/playdate/gcc-arm-none-eabi-9-2019-q4-major/bin/../lib/gcc/arm-none-eabi/9.2.1/../../../../arm-none-eabi/lib/thumb/v7e-m+fp/hard/libg.a(lib_a-impure.o)
 .data          0x0000000000000000        0x0 /usr/local/playdate/gcc-arm-none-eabi-9-2019-q4-major/bin/../lib/gcc/arm-none-eabi/9.2.1/../../../../arm-none-eabi/lib/thumb/v7e-m+fp/hard/libg.a(lib_a-impure.o)
 .bss           0x0000000000000000        0x0 /usr/local/playdate/gcc-arm-none-eabi-9-2019-q4-major/bin/../lib/gcc/arm-none-eabi/9.2.1/../../../../arm-none-eabi/lib/thumb/v7e-m+fp/hard/libg.a(lib_a-impure.o)
 .rodata._global_impure_ptr
                0x0000000000000000        0x4 /usr/local/playdate/gcc-arm-none-eabi-9-2019-q4-major/bin/../lib/gcc/arm-none-eabi/9.2.1/../../../../arm-none-eabi/lib/thumb/v7e-m+fp/hard/libg.a(lib_a-impure.o)

Memory Configuration

Name             Origin             Length             Attributes
*default*        0x0000000000000000 0xffffffffffffffff

Linker script and memory map

LOAD build/src/main.o
LOAD build//Users/mjw/Developer/PlaydateSDK/C_API/buildsupport/setup.o
START GROUP
LOAD /usr/local/playdate/gcc-arm-none-eabi-9-2019-q4-major/bin/../lib/gcc/arm-none-eabi/9.2.1/thumb/v7e-m+fp/hard/libgcc.a
LOAD /usr/local/playdate/gcc-arm-none-eabi-9-2019-q4-major/bin/../lib/gcc/arm-none-eabi/9.2.1/../../../../arm-none-eabi/lib/thumb/v7e-m+fp/hard/libg.a
LOAD /usr/local/playdate/gcc-arm-none-eabi-9-2019-q4-major/bin/../lib/gcc/arm-none-eabi/9.2.1/../../../../arm-none-eabi/lib/thumb/v7e-m+fp/hard/libc.a
END GROUP
START GROUP
LOAD /usr/local/playdate/gcc-arm-none-eabi-9-2019-q4-major/bin/../lib/gcc/arm-none-eabi/9.2.1/thumb/v7e-m+fp/hard/libgcc.a
LOAD /usr/local/playdate/gcc-arm-none-eabi-9-2019-q4-major/bin/../lib/gcc/arm-none-eabi/9.2.1/../../../../arm-none-eabi/lib/thumb/v7e-m+fp/hard/libc.a
LOAD /usr/local/playdate/gcc-arm-none-eabi-9-2019-q4-major/bin/../lib/gcc/arm-none-eabi/9.2.1/../../../../arm-none-eabi/lib/thumb/v7e-m+fp/hard/libm.a
END GROUP

.text           0x0000000000000000      0x981
 *(.text)
 .text          0x0000000000000000      0x378 /usr/local/playdate/gcc-arm-none-eabi-9-2019-q4-major/bin/../lib/gcc/arm-none-eabi/9.2.1/thumb/v7e-m+fp/hard/libgcc.a(_arm_addsubdf3.o)
                0x0000000000000000                __aeabi_drsub
                0x0000000000000008                __subdf3
                0x0000000000000008                __aeabi_dsub
                0x000000000000000c                __aeabi_dadd
                0x000000000000000c                __adddf3
                0x0000000000000284                __aeabi_ui2d
                0x0000000000000284                __floatunsidf
                0x00000000000002a4                __floatsidf
                0x00000000000002a4                __aeabi_i2d
                0x00000000000002c8                __extendsfdf2
                0x00000000000002c8                __aeabi_f2d
                0x000000000000030c                __aeabi_ul2d
                0x000000000000030c                __floatundidf
                0x000000000000031c                __aeabi_l2d
                0x000000000000031c                __floatdidf
 .text          0x0000000000000378      0x110 /usr/local/playdate/gcc-arm-none-eabi-9-2019-q4-major/bin/../lib/gcc/arm-none-eabi/9.2.1/thumb/v7e-m+fp/hard/libgcc.a(_arm_cmpdf2.o)
                0x0000000000000378                __gedf2
                0x0000000000000378                __gtdf2
                0x0000000000000380                __ledf2
                0x0000000000000380                __ltdf2
                0x0000000000000388                __cmpdf2
                0x0000000000000388                __eqdf2
                0x0000000000000388                __nedf2
                0x0000000000000404                __aeabi_cdrcmple
                0x0000000000000414                __aeabi_cdcmple
                0x0000000000000414                __aeabi_cdcmpeq
                0x0000000000000424                __aeabi_dcmpeq
                0x0000000000000438                __aeabi_dcmplt
                0x000000000000044c                __aeabi_dcmple
                0x0000000000000460                __aeabi_dcmpge
                0x0000000000000474                __aeabi_dcmpgt
 .text          0x0000000000000488       0x50 /usr/local/playdate/gcc-arm-none-eabi-9-2019-q4-major/bin/../lib/gcc/arm-none-eabi/9.2.1/thumb/v7e-m+fp/hard/libgcc.a(_arm_fixdfsi.o)
                0x0000000000000488                __fixdfsi
                0x0000000000000488                __aeabi_d2iz
 *(.text.*)
 *fill*         0x00000000000004d8        0x8 
 .text.init     0x00000000000004e0       0xa0 build/src/main.o
                0x00000000000004e0                init
 .text.eventHandler
                0x0000000000000580       0x60 build/src/main.o
                0x0000000000000580                eventHandler
 .text.ProcessInput
                0x00000000000005e0       0xd8 build/src/main.o
                0x00000000000005e0                ProcessInput
 *fill*         0x00000000000006b8        0x8 
 .text.drawPlayer
                0x00000000000006c0       0x78 build/src/main.o
                0x00000000000006c0                drawPlayer
 *fill*         0x0000000000000738        0x8 
 .text.getFrame
                0x0000000000000740       0x44 build/src/main.o
                0x0000000000000740                getFrame
 *fill*         0x0000000000000784        0xc 
 .text.drawMaze
                0x0000000000000790       0x44 build/src/main.o
                0x0000000000000790                drawMaze
 *fill*         0x00000000000007d4        0xc 
 .text.update   0x00000000000007e0       0x24 build/src/main.o
 *fill*         0x0000000000000804        0xc 
 .text.eventHandlerShim
                0x0000000000000810       0x1c build//Users/mjw/Developer/PlaydateSDK/C_API/buildsupport/setup.o
                0x0000000000000810                eventHandlerShim
 .text.rand     0x000000000000082c       0x3c /usr/local/playdate/gcc-arm-none-eabi-9-2019-q4-major/bin/../lib/gcc/arm-none-eabi/9.2.1/../../../../arm-none-eabi/lib/thumb/v7e-m+fp/hard/libg.a(lib_a-rand.o)
                0x000000000000082c                rand
 *(.init)
 *(.fini)
 *crtbegin.o(.ctors)
 *crtbegin?.o(.ctors)
 *(EXCLUDE_FILE(*crtend.o *crtend?.o) .ctors)
 *(SORT_BY_NAME(.ctors.*))
 *(.ctors)
 *crtbegin.o(.dtors)
 *crtbegin?.o(.dtors)
 *(EXCLUDE_FILE(*crtend.o *crtend?.o) .dtors)
 *(SORT_BY_NAME(.dtors.*))
 *(.dtors)
 *(.rodata*)
 .rodata.init.str1.4
                0x0000000000000868       0xa2 build/src/main.o
 *fill*         0x000000000000090a        0x2 
 .rodata.eventHandler.str1.4
                0x000000000000090c       0x2c build/src/main.o
 .rodata.getFrame.str1.4
                0x0000000000000938       0x1e build/src/main.o
 *fill*         0x0000000000000956        0x2 
 .rodata.str1.4
                0x0000000000000958       0x29 build/src/main.o
 *(.eh_frame*)

.glue_7         0x0000000000000984        0x0
 .glue_7        0x0000000000000984        0x0 linker stubs

.glue_7t        0x0000000000000984        0x0
 .glue_7t       0x0000000000000984        0x0 linker stubs

.vfp11_veneer   0x0000000000000984        0x0
 .vfp11_veneer  0x0000000000000984        0x0 linker stubs

.v4_bx          0x0000000000000984        0x0
 .v4_bx         0x0000000000000984        0x0 linker stubs

.iplt           0x0000000000000984        0x0
 .iplt          0x0000000000000984        0x0 build/src/main.o

.rel.dyn        0x0000000000000984        0x0
 .rel.iplt      0x0000000000000984        0x0 build/src/main.o

.data           0x0000000000000988      0x430
                0x0000000000000988                __etext = .
                0x0000000000000988                __data_start__ = .
 *(vtable)
 *(.data*)
 .data.fontpath
                0x0000000000000988        0x4 build/src/main.o
                0x0000000000000988                fontpath
 .data._impure_ptr
                0x000000000000098c        0x4 /usr/local/playdate/gcc-arm-none-eabi-9-2019-q4-major/bin/../lib/gcc/arm-none-eabi/9.2.1/../../../../arm-none-eabi/lib/thumb/v7e-m+fp/hard/libg.a(lib_a-impure.o)
                0x000000000000098c                _impure_ptr
 .data.impure_data
                0x0000000000000990      0x428 /usr/local/playdate/gcc-arm-none-eabi-9-2019-q4-major/bin/../lib/gcc/arm-none-eabi/9.2.1/../../../../arm-none-eabi/lib/thumb/v7e-m+fp/hard/libg.a(lib_a-impure.o)
                0x0000000000000db8                . = ALIGN (0x4)
                [!provide]                        PROVIDE (__preinit_array_start = .)
 *(.preinit_array)
                [!provide]                        PROVIDE (__preinit_array_end = .)
                0x0000000000000db8                . = ALIGN (0x4)
                [!provide]                        PROVIDE (__init_array_start = .)
 *(SORT_BY_NAME(.init_array.*))
 *(.init_array)
                [!provide]                        PROVIDE (__init_array_end = .)
                0x0000000000000db8                . = ALIGN (0x4)
                [!provide]                        PROVIDE (__fini_array_start = .)
 *(SORT_BY_NAME(.fini_array.*))
 *(.fini_array)
                [!provide]                        PROVIDE (__fini_array_end = .)
                0x0000000000000db8                . = ALIGN (0x4)
                0x0000000000000db8                __data_end__ = .

.igot.plt       0x0000000000000db8        0x0
 .igot.plt      0x0000000000000db8        0x0 build/src/main.o

.bss            0x0000000000000db8      0x180
                0x0000000000000db8                . = ALIGN (0x4)
                0x0000000000000db8                __bss_start__ = .
 *(.bss*)
 .bss.GAMEDATA  0x0000000000000db8      0x178 build/src/main.o
                0x0000000000000db8                GAMEDATA
 .bss.font      0x0000000000000f30        0x4 build/src/main.o
                0x0000000000000f30                font
 .bss.pdrealloc
                0x0000000000000f34        0x4 build//Users/mjw/Developer/PlaydateSDK/C_API/buildsupport/setup.o
 *(COMMON)
 *(COM)
                0x0000000000000f38                . = ALIGN (0x4)
                0x0000000000000f38                __bss_end__ = .

/DISCARD/
 *(.ARM.exidx)
OUTPUT(build/pdex.elf elf32-littlearm)

.debug_info     0x0000000000000000     0xd0ec
 .debug_info    0x0000000000000000     0x6afd build/src/main.o
 .debug_info    0x0000000000006afd     0x65ef build//Users/mjw/Developer/PlaydateSDK/C_API/buildsupport/setup.o

.debug_abbrev   0x0000000000000000      0x7ef
 .debug_abbrev  0x0000000000000000      0x4ad build/src/main.o
 .debug_abbrev  0x00000000000004ad      0x342 build//Users/mjw/Developer/PlaydateSDK/C_API/buildsupport/setup.o

.debug_loc      0x0000000000000000      0x7b1
 .debug_loc     0x0000000000000000      0x595 build/src/main.o
 .debug_loc     0x0000000000000595      0x21c build//Users/mjw/Developer/PlaydateSDK/C_API/buildsupport/setup.o

.debug_aranges  0x0000000000000000       0x90
 .debug_aranges
                0x0000000000000000       0x58 build/src/main.o
 .debug_aranges
                0x0000000000000058       0x38 build//Users/mjw/Developer/PlaydateSDK/C_API/buildsupport/setup.o

.debug_ranges   0x0000000000000000      0x100
 .debug_ranges  0x0000000000000000       0xd8 build/src/main.o
 .debug_ranges  0x00000000000000d8       0x28 build//Users/mjw/Developer/PlaydateSDK/C_API/buildsupport/setup.o

.debug_macro    0x0000000000000000     0x263b
 .debug_macro   0x0000000000000000      0x2ba build/src/main.o
 .debug_macro   0x00000000000002ba      0xaa8 build/src/main.o
 .debug_macro   0x0000000000000d62       0x22 build/src/main.o
 .debug_macro   0x0000000000000d84       0x58 build/src/main.o
 .debug_macro   0x0000000000000ddc       0x18 build/src/main.o
 .debug_macro   0x0000000000000df4       0x94 build/src/main.o
 .debug_macro   0x0000000000000e88       0x35 build/src/main.o
 .debug_macro   0x0000000000000ebd       0x34 build/src/main.o
 .debug_macro   0x0000000000000ef1       0x16 build/src/main.o
 .debug_macro   0x0000000000000f07       0x57 build/src/main.o
 .debug_macro   0x0000000000000f5e       0x97 build/src/main.o
 .debug_macro   0x0000000000000ff5      0x339 build/src/main.o
 .debug_macro   0x000000000000132e       0xfd build/src/main.o
 .debug_macro   0x000000000000142b       0x10 build/src/main.o
 .debug_macro   0x000000000000143b       0x58 build/src/main.o
 .debug_macro   0x0000000000001493       0x1f build/src/main.o
 .debug_macro   0x00000000000014b2       0x43 build/src/main.o
 .debug_macro   0x00000000000014f5       0x20 build/src/main.o
 .debug_macro   0x0000000000001515      0x18e build/src/main.o
 .debug_macro   0x00000000000016a3       0x10 build/src/main.o
 .debug_macro   0x00000000000016b3       0x6a build/src/main.o
 .debug_macro   0x000000000000171d       0x1c build/src/main.o
 .debug_macro   0x0000000000001739       0x52 build/src/main.o
 .debug_macro   0x000000000000178b       0x40 build/src/main.o
 .debug_macro   0x00000000000017cb       0x10 build/src/main.o
 .debug_macro   0x00000000000017db       0x40 build/src/main.o
 .debug_macro   0x000000000000181b       0xd7 build/src/main.o
 .debug_macro   0x00000000000018f2       0x1c build/src/main.o
 .debug_macro   0x000000000000190e       0x3d build/src/main.o
 .debug_macro   0x000000000000194b       0x16 build/src/main.o
 .debug_macro   0x0000000000001961      0x16f build/src/main.o
 .debug_macro   0x0000000000001ad0       0x16 build/src/main.o
 .debug_macro   0x0000000000001ae6       0x35 build/src/main.o
 .debug_macro   0x0000000000001b1b       0x16 build/src/main.o
 .debug_macro   0x0000000000001b31       0x29 build/src/main.o
 .debug_macro   0x0000000000001b5a       0x16 build/src/main.o
 .debug_macro   0x0000000000001b70       0x10 build/src/main.o
 .debug_macro   0x0000000000001b80       0x10 build/src/main.o
 .debug_macro   0x0000000000001b90       0x35 build/src/main.o
 .debug_macro   0x0000000000001bc5       0xef build/src/main.o
 .debug_macro   0x0000000000001cb4      0x1df build/src/main.o
 .debug_macro   0x0000000000001e93       0x28 build/src/main.o
 .debug_macro   0x0000000000001ebb       0x4c build/src/main.o
 .debug_macro   0x0000000000001f07       0x16 build/src/main.o
 .debug_macro   0x0000000000001f1d       0x22 build/src/main.o
 .debug_macro   0x0000000000001f3f      0x1e1 build/src/main.o
 .debug_macro   0x0000000000002120      0x1cf build//Users/mjw/Developer/PlaydateSDK/C_API/buildsupport/setup.o
 .debug_macro   0x00000000000022ef       0x8e build//Users/mjw/Developer/PlaydateSDK/C_API/buildsupport/setup.o
 .debug_macro   0x000000000000237d       0x51 build//Users/mjw/Developer/PlaydateSDK/C_API/buildsupport/setup.o
 .debug_macro   0x00000000000023ce       0x5e build//Users/mjw/Developer/PlaydateSDK/C_API/buildsupport/setup.o
 .debug_macro   0x000000000000242c      0x10e build//Users/mjw/Developer/PlaydateSDK/C_API/buildsupport/setup.o
 .debug_macro   0x000000000000253a       0x8d build//Users/mjw/Developer/PlaydateSDK/C_API/buildsupport/setup.o
 .debug_macro   0x00000000000025c7       0x58 build//Users/mjw/Developer/PlaydateSDK/C_API/buildsupport/setup.o
 .debug_macro   0x000000000000261f       0x1c build//Users/mjw/Developer/PlaydateSDK/C_API/buildsupport/setup.o

.debug_line     0x0000000000000000      0xda7
 .debug_line    0x0000000000000000      0x90b build/src/main.o
 .debug_line    0x000000000000090b      0x49c build//Users/mjw/Developer/PlaydateSDK/C_API/buildsupport/setup.o

.debug_str      0x0000000000000000     0xb1a4
 .debug_str     0x0000000000000000     0xb120 build/src/main.o
                                       0xb5fa (size before relaxing)
 .debug_str     0x000000000000b120       0x84 build//Users/mjw/Developer/PlaydateSDK/C_API/buildsupport/setup.o
                                       0xa247 (size before relaxing)

.comment        0x0000000000000000       0x79
 .comment       0x0000000000000000       0x79 build/src/main.o
                                         0x7a (size before relaxing)
 .comment       0x0000000000000079       0x7a build//Users/mjw/Developer/PlaydateSDK/C_API/buildsupport/setup.o

.ARM.attributes
                0x0000000000000000       0x34
 .ARM.attributes
                0x0000000000000000       0x34 build/src/main.o
 .ARM.attributes
                0x0000000000000034       0x34 build//Users/mjw/Developer/PlaydateSDK/C_API/buildsupport/setup.o
 .ARM.attributes
                0x0000000000000068       0x1e /usr/local/playdate/gcc-arm-none-eabi-9-2019-q4-major/bin/../lib/gcc/arm-none-eabi/9.2.1/thumb/v7e-m+fp/hard/libgcc.a(_arm_addsubdf3.o)
 .ARM.attributes
                0x0000000000000086       0x1e /usr/local/playdate/gcc-arm-none-eabi-9-2019-q4-major/bin/../lib/gcc/arm-none-eabi/9.2.1/thumb/v7e-m+fp/hard/libgcc.a(_arm_cmpdf2.o)
 .ARM.attributes
                0x00000000000000a4       0x1e /usr/local/playdate/gcc-arm-none-eabi-9-2019-q4-major/bin/../lib/gcc/arm-none-eabi/9.2.1/thumb/v7e-m+fp/hard/libgcc.a(_arm_fixdfsi.o)
 .ARM.attributes
                0x00000000000000c2       0x34 /usr/local/playdate/gcc-arm-none-eabi-9-2019-q4-major/bin/../lib/gcc/arm-none-eabi/9.2.1/../../../../arm-none-eabi/lib/thumb/v7e-m+fp/hard/libg.a(lib_a-rand.o)
 .ARM.attributes
                0x00000000000000f6       0x32 /usr/local/playdate/gcc-arm-none-eabi-9-2019-q4-major/bin/../lib/gcc/arm-none-eabi/9.2.1/../../../../arm-none-eabi/lib/thumb/v7e-m+fp/hard/libg.a(lib_a-impure.o)

.debug_frame    0x0000000000000000      0x398
 .debug_frame   0x0000000000000000      0x16c build/src/main.o
 .debug_frame   0x000000000000016c       0x5c build//Users/mjw/Developer/PlaydateSDK/C_API/buildsupport/setup.o
 .debug_frame   0x00000000000001c8       0xac /usr/local/playdate/gcc-arm-none-eabi-9-2019-q4-major/bin/../lib/gcc/arm-none-eabi/9.2.1/thumb/v7e-m+fp/hard/libgcc.a(_arm_addsubdf3.o)
 .debug_frame   0x0000000000000274       0xc4 /usr/local/playdate/gcc-arm-none-eabi-9-2019-q4-major/bin/../lib/gcc/arm-none-eabi/9.2.1/thumb/v7e-m+fp/hard/libgcc.a(_arm_cmpdf2.o)
 .debug_frame   0x0000000000000338       0x24 /usr/local/playdate/gcc-arm-none-eabi-9-2019-q4-major/bin/../lib/gcc/arm-none-eabi/9.2.1/thumb/v7e-m+fp/hard/libgcc.a(_arm_fixdfsi.o)
 .debug_frame   0x000000000000035c       0x3c /usr/local/playdate/gcc-arm-none-eabi-9-2019-q4-major/bin/../lib/gcc/arm-none-eabi/9.2.1/../../../../arm-none-eabi/lib/thumb/v7e-m+fp/hard/libg.a(lib_a-rand.o)

Cross Reference Table

Symbol                                            File
GAMEDATA                                          build/src/main.o
MAZE_LINEAR                                       build/src/main.o
MAZE_X                                            build/src/main.o
MAZE_Y                                            build/src/main.o
ProcessInput                                      build/src/main.o
X_OFFSET                                          build/src/main.o
Y_OFFSET                                          build/src/main.o
__adddf3                                          /usr/local/playdate/gcc-arm-none-eabi-9-2019-q4-major/bin/../lib/gcc/arm-none-eabi/9.2.1/thumb/v7e-m+fp/hard/libgcc.a(_arm_addsubdf3.o)
__aeabi_cdcmpeq                                   /usr/local/playdate/gcc-arm-none-eabi-9-2019-q4-major/bin/../lib/gcc/arm-none-eabi/9.2.1/thumb/v7e-m+fp/hard/libgcc.a(_arm_cmpdf2.o)
__aeabi_cdcmple                                   /usr/local/playdate/gcc-arm-none-eabi-9-2019-q4-major/bin/../lib/gcc/arm-none-eabi/9.2.1/thumb/v7e-m+fp/hard/libgcc.a(_arm_cmpdf2.o)
__aeabi_cdrcmple                                  /usr/local/playdate/gcc-arm-none-eabi-9-2019-q4-major/bin/../lib/gcc/arm-none-eabi/9.2.1/thumb/v7e-m+fp/hard/libgcc.a(_arm_cmpdf2.o)
__aeabi_d2iz                                      /usr/local/playdate/gcc-arm-none-eabi-9-2019-q4-major/bin/../lib/gcc/arm-none-eabi/9.2.1/thumb/v7e-m+fp/hard/libgcc.a(_arm_fixdfsi.o)
                                                  build/src/main.o
__aeabi_dadd                                      /usr/local/playdate/gcc-arm-none-eabi-9-2019-q4-major/bin/../lib/gcc/arm-none-eabi/9.2.1/thumb/v7e-m+fp/hard/libgcc.a(_arm_addsubdf3.o)
                                                  build/src/main.o
__aeabi_dcmpeq                                    /usr/local/playdate/gcc-arm-none-eabi-9-2019-q4-major/bin/../lib/gcc/arm-none-eabi/9.2.1/thumb/v7e-m+fp/hard/libgcc.a(_arm_cmpdf2.o)
__aeabi_dcmpge                                    /usr/local/playdate/gcc-arm-none-eabi-9-2019-q4-major/bin/../lib/gcc/arm-none-eabi/9.2.1/thumb/v7e-m+fp/hard/libgcc.a(_arm_cmpdf2.o)
__aeabi_dcmpgt                                    /usr/local/playdate/gcc-arm-none-eabi-9-2019-q4-major/bin/../lib/gcc/arm-none-eabi/9.2.1/thumb/v7e-m+fp/hard/libgcc.a(_arm_cmpdf2.o)
                                                  build/src/main.o
__aeabi_dcmple                                    /usr/local/playdate/gcc-arm-none-eabi-9-2019-q4-major/bin/../lib/gcc/arm-none-eabi/9.2.1/thumb/v7e-m+fp/hard/libgcc.a(_arm_cmpdf2.o)
__aeabi_dcmplt                                    /usr/local/playdate/gcc-arm-none-eabi-9-2019-q4-major/bin/../lib/gcc/arm-none-eabi/9.2.1/thumb/v7e-m+fp/hard/libgcc.a(_arm_cmpdf2.o)
__aeabi_drsub                                     /usr/local/playdate/gcc-arm-none-eabi-9-2019-q4-major/bin/../lib/gcc/arm-none-eabi/9.2.1/thumb/v7e-m+fp/hard/libgcc.a(_arm_addsubdf3.o)
__aeabi_dsub                                      /usr/local/playdate/gcc-arm-none-eabi-9-2019-q4-major/bin/../lib/gcc/arm-none-eabi/9.2.1/thumb/v7e-m+fp/hard/libgcc.a(_arm_addsubdf3.o)
__aeabi_f2d                                       /usr/local/playdate/gcc-arm-none-eabi-9-2019-q4-major/bin/../lib/gcc/arm-none-eabi/9.2.1/thumb/v7e-m+fp/hard/libgcc.a(_arm_addsubdf3.o)
__aeabi_i2d                                       /usr/local/playdate/gcc-arm-none-eabi-9-2019-q4-major/bin/../lib/gcc/arm-none-eabi/9.2.1/thumb/v7e-m+fp/hard/libgcc.a(_arm_addsubdf3.o)
__aeabi_l2d                                       /usr/local/playdate/gcc-arm-none-eabi-9-2019-q4-major/bin/../lib/gcc/arm-none-eabi/9.2.1/thumb/v7e-m+fp/hard/libgcc.a(_arm_addsubdf3.o)
__aeabi_ui2d                                      /usr/local/playdate/gcc-arm-none-eabi-9-2019-q4-major/bin/../lib/gcc/arm-none-eabi/9.2.1/thumb/v7e-m+fp/hard/libgcc.a(_arm_addsubdf3.o)
__aeabi_ul2d                                      /usr/local/playdate/gcc-arm-none-eabi-9-2019-q4-major/bin/../lib/gcc/arm-none-eabi/9.2.1/thumb/v7e-m+fp/hard/libgcc.a(_arm_addsubdf3.o)
__cmpdf2                                          /usr/local/playdate/gcc-arm-none-eabi-9-2019-q4-major/bin/../lib/gcc/arm-none-eabi/9.2.1/thumb/v7e-m+fp/hard/libgcc.a(_arm_cmpdf2.o)
__eqdf2                                           /usr/local/playdate/gcc-arm-none-eabi-9-2019-q4-major/bin/../lib/gcc/arm-none-eabi/9.2.1/thumb/v7e-m+fp/hard/libgcc.a(_arm_cmpdf2.o)
__extendsfdf2                                     /usr/local/playdate/gcc-arm-none-eabi-9-2019-q4-major/bin/../lib/gcc/arm-none-eabi/9.2.1/thumb/v7e-m+fp/hard/libgcc.a(_arm_addsubdf3.o)
__fixdfsi                                         /usr/local/playdate/gcc-arm-none-eabi-9-2019-q4-major/bin/../lib/gcc/arm-none-eabi/9.2.1/thumb/v7e-m+fp/hard/libgcc.a(_arm_fixdfsi.o)
__floatdidf                                       /usr/local/playdate/gcc-arm-none-eabi-9-2019-q4-major/bin/../lib/gcc/arm-none-eabi/9.2.1/thumb/v7e-m+fp/hard/libgcc.a(_arm_addsubdf3.o)
__floatsidf                                       /usr/local/playdate/gcc-arm-none-eabi-9-2019-q4-major/bin/../lib/gcc/arm-none-eabi/9.2.1/thumb/v7e-m+fp/hard/libgcc.a(_arm_addsubdf3.o)
__floatundidf                                     /usr/local/playdate/gcc-arm-none-eabi-9-2019-q4-major/bin/../lib/gcc/arm-none-eabi/9.2.1/thumb/v7e-m+fp/hard/libgcc.a(_arm_addsubdf3.o)
__floatunsidf                                     /usr/local/playdate/gcc-arm-none-eabi-9-2019-q4-major/bin/../lib/gcc/arm-none-eabi/9.2.1/thumb/v7e-m+fp/hard/libgcc.a(_arm_addsubdf3.o)
__gedf2                                           /usr/local/playdate/gcc-arm-none-eabi-9-2019-q4-major/bin/../lib/gcc/arm-none-eabi/9.2.1/thumb/v7e-m+fp/hard/libgcc.a(_arm_cmpdf2.o)
__gtdf2                                           /usr/local/playdate/gcc-arm-none-eabi-9-2019-q4-major/bin/../lib/gcc/arm-none-eabi/9.2.1/thumb/v7e-m+fp/hard/libgcc.a(_arm_cmpdf2.o)
__ledf2                                           /usr/local/playdate/gcc-arm-none-eabi-9-2019-q4-major/bin/../lib/gcc/arm-none-eabi/9.2.1/thumb/v7e-m+fp/hard/libgcc.a(_arm_cmpdf2.o)
__ltdf2                                           /usr/local/playdate/gcc-arm-none-eabi-9-2019-q4-major/bin/../lib/gcc/arm-none-eabi/9.2.1/thumb/v7e-m+fp/hard/libgcc.a(_arm_cmpdf2.o)
__nedf2                                           /usr/local/playdate/gcc-arm-none-eabi-9-2019-q4-major/bin/../lib/gcc/arm-none-eabi/9.2.1/thumb/v7e-m+fp/hard/libgcc.a(_arm_cmpdf2.o)
__subdf3                                          /usr/local/playdate/gcc-arm-none-eabi-9-2019-q4-major/bin/../lib/gcc/arm-none-eabi/9.2.1/thumb/v7e-m+fp/hard/libgcc.a(_arm_addsubdf3.o)
_free_r                                           build//Users/mjw/Developer/PlaydateSDK/C_API/buildsupport/setup.o
_global_impure_ptr                                /usr/local/playdate/gcc-arm-none-eabi-9-2019-q4-major/bin/../lib/gcc/arm-none-eabi/9.2.1/../../../../arm-none-eabi/lib/thumb/v7e-m+fp/hard/libg.a(lib_a-impure.o)
_impure_ptr                                       /usr/local/playdate/gcc-arm-none-eabi-9-2019-q4-major/bin/../lib/gcc/arm-none-eabi/9.2.1/../../../../arm-none-eabi/lib/thumb/v7e-m+fp/hard/libg.a(lib_a-impure.o)
                                                  /usr/local/playdate/gcc-arm-none-eabi-9-2019-q4-major/bin/../lib/gcc/arm-none-eabi/9.2.1/../../../../arm-none-eabi/lib/thumb/v7e-m+fp/hard/libg.a(lib_a-rand.o)
_malloc_r                                         build//Users/mjw/Developer/PlaydateSDK/C_API/buildsupport/setup.o
_realloc_r                                        build//Users/mjw/Developer/PlaydateSDK/C_API/buildsupport/setup.o
build_maze                                        build/src/main.o
drawMaze                                          build/src/main.o
drawPlayer                                        build/src/main.o
eventHandler                                      build/src/main.o
                                                  build//Users/mjw/Developer/PlaydateSDK/C_API/buildsupport/setup.o
eventHandlerShim                                  build//Users/mjw/Developer/PlaydateSDK/C_API/buildsupport/setup.o
font                                              build/src/main.o
fontpath                                          build/src/main.o
getFrame                                          build/src/main.o
init                                              build/src/main.o
rand                                              /usr/local/playdate/gcc-arm-none-eabi-9-2019-q4-major/bin/../lib/gcc/arm-none-eabi/9.2.1/../../../../arm-none-eabi/lib/thumb/v7e-m+fp/hard/libg.a(lib_a-rand.o)
                                                  build/src/main.o
srand                                             /usr/local/playdate/gcc-arm-none-eabi-9-2019-q4-major/bin/../lib/gcc/arm-none-eabi/9.2.1/../../../../arm-none-eabi/lib/thumb/v7e-m+fp/hard/libg.a(lib_a-rand.o)
